<html>
<body>
<pre>
<h1>�Vision Build Log</h1>
<h2>Tool Versions:</h2>
IDE-Version: ��Vision V5.28.0.0
Copyright (C) 2019 ARM Ltd and ARM Germany GmbH. All rights reserved.
License Information: 123 123, 123, LIC=NQQMA-1YAJH-QDRKD-8H1MX-6IJFT-XE53Q
 
Tool Versions:
Toolchain:       MDK-ARM Plus  Version: 5.28.0.0
Toolchain Path:  C:\Keil_v5\ARM\ARMCC\Bin
C Compiler:      Armcc.exe V5.06 update 6 (build 750)
Assembler:       Armasm.exe V5.06 update 6 (build 750)
Linker/Locator:  ArmLink.exe V5.06 update 6 (build 750)
Library Manager: ArmAr.exe V5.06 update 6 (build 750)
Hex Converter:   FromElf.exe V5.06 update 6 (build 750)
CPU DLL:         SARMCM3.DLL V5.28.0.0
Dialog DLL:      DCM.DLL V1.17.3.0
Target DLL:      Segger\JL2CM3.dll V2.99.36.0
Dialog DLL:      TCM.DLL V1.36.2.0
 
<h2>Project:</h2>
C:\Users\Matthew\Downloads\project_LED_0413\USER\demo.uvprojx
Project File Date:  04/17/2026

<h2>Output:</h2>
*** Using Compiler 'V5.06 update 6 (build 750)', folder: 'C:\Keil_v5\ARM\ARMCC\Bin'
Build target 'Target 1'
compiling main.c...
..\MYCODE\ws2812.h(23): warning:  #1-D: last line of file ends without a newline
  #endif
..\USER\main.h(18): warning:  #1-D: last line of file ends without a newline
  #endif
..\MYCODE\bluetooth.h(16): warning:  #1-D: last line of file ends without a newline
  #endif
..\MYCODE\esp8266_mqtt.h(36): warning:  #1-D: last line of file ends without a newline
  #endif
..\MYCODE\mic.h(9): warning:  #1-D: last line of file ends without a newline
  #endif
..\USER\main.h(18): warning:  #1-D: last line of file ends without a newline
  #endif
..\SYSTEM\delay.h(11): warning:  #1-D: last line of file ends without a newline
  #endif
..\MYCODE\ws2812.h(23): warning:  #1-D: last line of file ends without a newline
  #endif
..\SYSTEM\usart.h(23): warning:  #1-D: last line of file ends without a newline
  // 🌟 强迫症提醒：请确保在 #endif 后面敲一个回车，留出一个空行，这样 Keil 就不会再报那�? warning #1-D 的警告了�?
main.c(105): warning:  #870-D: invalid multibyte character sequence
                  else if(strstr(json_start, "\"WorkMode\":1"))  { current_mode = 1; printf(">> 云�??执�??: 模式1(�??)\r\n"); WS2812_Fill(255, 0, 0); cmd_executed = 1; }
main.c(106): warning:  #870-D: invalid multibyte character sequence
                  else if(strstr(json_start, "\"WorkMode\":2"))  { current_mode = 2; printf(">> 云�??执�??: 模式2(�??)\r\n"); WS2812_Fill(0, 255, 0); cmd_executed = 1; }
main.c(107): warning:  #870-D: invalid multibyte character sequence
                  else if(strstr(json_start, "\"WorkMode\":3"))  { current_mode = 3; printf(">> 云�??执�??: 模式3(�??)\r\n"); WS2812_Fill(0, 0, 255); cmd_executed = 1; }
main.c(114): warning:  #870-D: invalid multibyte character sequence
                      printf(">> 已向 OneNET 回�?�确认信�??(ID: %s)\r\n", msg_id);
main.c(135): warning:  #1-D: last line of file ends without a newline
  }
main.c: 14 warnings, 0 errors
linking...
Program Size: Code=12056 RO-data=556 RW-data=88 ZI-data=8120  
".\Objects\demo.axf" - 0 Error(s), 14 Warning(s).

<h2>Software Packages used:</h2>

Package Vendor: Keil
                http://www.keil.com/pack/Keil.STM32F4xx_DFP.1.0.8.pack
                Keil.STM32F4xx_DFP.1.0.8
                STMicroelectronics STM32F4 Series Device Support, Drivers and Examples

<h2>Collection of Component include folders:</h2>
  .\RTE\_Target_1
  C:\Keil_v5\Arm\Packs\Keil\STM32F4xx_DFP\1.0.8\Device\Include

<h2>Collection of Component Files used:</h2>
Build Time Elapsed:  00:00:04
</pre>
</body>
</html>
